// Jest Snapshot v1, https://goo.gl/fbAQLP

exports[`MyList should match the snapshot 1`] = `
<View
  style={
    Object {
      "alignItems": "center",
      "justifyContent": "center",
      "width": 750,
    }
  }
>
  <View
    styles={
      Object {
        "alignItems": "center",
        "height": 200,
        "justifyContent": "center",
        "width": 750,
      }
    }
  >
    <View
      style={
        Object {
          "flex": 1,
        }
      }
    >
      <RCTScrollView
        applyWindowCorrection={[Function]}
        canChangeSize={true}
        contentContainerStyle={
          Object {
            "backgroundColor": undefined,
            "minHeight": 1,
            "minWidth": 1,
          }
        }
        contentHeight={0}
        contentWidth={0}
        data={
          Array [
            Object {
              "id": 663712,
              "image": "/y5Z0WesTjvn59jP6yo459eUsbli.jpg",
              "title": "The Terrifier 2 - Movie (Original)",
            },
            Object {
              "id": 820067,
              "image": "/jBIMZ0AlUYuFNsKbd4L6FojWMoy.jpg",
              "title": "The Quintessential Quintuplets Movie",
            },
          ]
        }
        dataProvider={
          DataProvider {
            "_data": Array [
              Object {
                "id": 663712,
                "image": "/y5Z0WesTjvn59jP6yo459eUsbli.jpg",
                "title": "The Terrifier 2 - Movie (Original)",
              },
              Object {
                "id": 820067,
                "image": "/jBIMZ0AlUYuFNsKbd4L6FojWMoy.jpg",
                "title": "The Quintessential Quintuplets Movie",
              },
            ],
            "_firstIndexToProcess": 0,
            "_hasStableIds": true,
            "_requiresDataChangeHandling": false,
            "_size": 2,
            "getStableId": [Function],
            "rowHasChanged": [Function],
          }
        }
        disableRecycling={false}
        estimatedItemSize={15}
        extendedState={Object {}}
        externalScrollView={[Function]}
        finalRenderAheadOffset={250}
        forceNonDeterministicRendering={true}
        horizontal={false}
        initialOffset={0}
        initialRenderIndex={0}
        isHorizontal={false}
        layoutProvider={
          GridLayoutProviderWithProps {
            "_acceptableRelayoutDelta": 1,
            "_getHeightOrWidth": [Function],
            "_getLayoutTypeForIndex": [Function],
            "_getSpan": [Function],
            "_maxSpan": 1,
            "_setLayoutForType": [Function],
            "_tempDim": Object {
              "height": 0,
              "width": 0,
            },
            "averageWindow": AverageWindow {
              "currentAverage": 15,
              "currentCount": 1,
              "inputValues": Array [
                15,
              ],
              "nextIndex": 1,
            },
            "defaultEstimatedItemSize": 100,
            "layoutObject": Object {
              "size": undefined,
              "span": undefined,
            },
            "props": Object {
              "data": Array [
                Object {
                  "id": 663712,
                  "image": "/y5Z0WesTjvn59jP6yo459eUsbli.jpg",
                  "title": "The Terrifier 2 - Movie (Original)",
                },
                Object {
                  "id": 820067,
                  "image": "/jBIMZ0AlUYuFNsKbd4L6FojWMoy.jpg",
                  "title": "The Quintessential Quintuplets Movie",
                },
              ],
              "estimatedItemSize": 15,
              "numColumns": 1,
              "renderItem": [Function],
            },
            "shouldRefreshWithAnchoring": true,
          }
        }
        maxRenderAhead={750}
        numColumns={1}
        onEndReached={[Function]}
        onEndReachedThreshold={0}
        onEndReachedThresholdRelative={0}
        onItemLayout={[Function]}
        onLayout={[Function]}
        onScroll={[Function]}
        onScrollBeginDrag={[Function]}
        onSizeChanged={[Function]}
        onVisibleIndicesChanged={[Function]}
        removeClippedSubviews={false}
        renderAheadOffset={0}
        renderAheadStep={250}
        renderContentContainer={[Function]}
        renderItem={[Function]}
        renderItemContainer={[Function]}
        rowRenderer={[Function]}
        scrollEventThrottle={16}
        scrollThrottle={16}
        scrollViewProps={
          Object {
            "contentContainerStyle": Object {
              "backgroundColor": undefined,
              "minHeight": 1,
              "minWidth": 1,
            },
            "onLayout": [Function],
            "onScrollBeginDrag": [Function],
            "refreshControl": undefined,
            "style": Object {
              "minHeight": 1,
              "minWidth": 1,
            },
          }
        }
        style={
          Object {
            "minHeight": 1,
            "minWidth": 1,
          }
        }
        suppressBoundedSizeException={true}
        windowCorrectionConfig={
          Object {
            "applyToInitialOffset": true,
            "applyToItemScroll": true,
            "value": Object {
              "endCorrection": 0,
              "startCorrection": 0,
              "windowShift": -0,
            },
          }
        }
      >
        <View>
          <View
            style={
              Object {
                "flexDirection": "column",
              }
            }
          >
            <AutoLayoutView
              enableInstrumentation={false}
              horizontal={false}
              onBlankAreaEvent={[Function]}
              onLayout={[Function]}
              renderAheadOffset={0}
              scrollOffset={0}
              style={
                Object {
                  "height": 0,
                  "width": 0,
                }
              }
              windowSize={0}
            />
          </View>
        </View>
      </RCTScrollView>
    </View>
  </View>
</View>
`;
